// Jest Snapshot v1, https://goo.gl/fbAQLP

exports[`About renders correctly 1`] = `<About />`;

exports[`App renders correctly 1`] = `<App />`;
