// Jest Snapshot v1, https://goo.gl/fbAQLP

exports[`About renders correctly 1`] = `<App />`;

exports[`Contact renders correctly 1`] = `<Contact />`;
